// Jest Snapshot v1, https://goo.gl/fbAQLP

exports[`LabelMode 테스트 시작 렌더링된 스냅샷이 기존과 일치해야 한다. 1`] = `
<body>
  <div>
    <div
      class="label-mode"
    >
      <button
        class="btn label-mode-btn active"
        id="LabelMode.SELECT"
        type="button"
      >
        <img
          alt="LabelMode.SELECT"
          class="btn-img"
          src="LabelMode.SELECT.png"
        />
      </button>
      <button
        class="btn label-mode-btn"
        id="LabelMode.CREATE"
        type="button"
      >
        <img
          alt="LabelMode.CREATE"
          class="btn-img"
          src="LabelMode.CREATE.png"
        />
      </button>
    </div>
  </div>
</body>
`;
